[    0.000000] Initializing cgroup subsys cpuset
[    0.000000] Initializing cgroup subsys cpu
[    0.000000] Initializing cgroup subsys cpuacct
[    0.000000] Linux version 4.4.0-134-generic (buildd@lgw01-amd64-033) (gcc version 5.4.0 20160609 (Ubuntu 5.4.0-6ubuntu1~16.04.10) ) #160-Ubuntu SMP Wed Aug 15 14:58:00 UTC 2018 (Ubuntu 4.4.0-134.160-generic 4.4.140)
[    0.000000] Command line: OOT_IMAGE=/boot/vmlinuz-4.4.0134-generic root=UUID=94cf6dec-b559-40f4-9677-8490a116614bro console=tty1 console=ttyS0
[    0.000000] KERNEL supported cpus:
[    0.000000]   Intel GenuineIntel
[    0.000000   AMD AuthentcAMD
[    0.000000]   Centaur CentaurHauls
[    0.000000] x86/fpu: Legacy x87 FPU detected.
[    0.000000] e820: BIOS-provided physical RAM map:
[    0.000000] BIOS-e820: [mem 0x0000000000000000-0x000000000009fbff] usable
[    0.000000] BIOS-e820: [mem 0x000000000009fc00-0x000000000009ffff] reserved
[    0.000000] BIOS-e820: [mem 0x00000000000f0000-0x00000000000fffff] reserved
[    0.000000] BIOS-e820: [mem 0x0000000000100000-0x000000003ffeffff] usable
[    0.000000] BIOS-e820: [mem 0x000000003fff0000-0x000000003fffffff] ACPI daa
[    0.000000] BIOS-e820: [mem 0x00000000fec00000-0x00000000fec00fff] reserved
[    0.000000] BIOS-e820: [mem 0x00000000fee00000-0x00000000fee00fff] reserved
[    0.000000] BIOS-e820: [mem 0x00000000fffc0000-0x00000000ffffffff] reserved
[    0.000000] NX (Execute Disable) protection: active
[    0.000000] SMBIOS 2.5 present.
[    0.000000] Hypervisor detected: KVM
[    0.000000] e820: last_pfn = 0x3fff0 max_arch_pfn = 0x400000000
[    0.000000] MTRR: Disabled
[    0.000000] x86/PAT: MTRRs disabled, skipping PAT initialization too.
[    0.000000] CPU MTRRs all blank - virtualized system.
[    0.000000] x86/PAT: Configuration [0-7]: WB  WT  UC- UC  WB  WT  UC- UC  
[    0.000000] found SMP MP-table at [mem 0x0009fff0-0x0009ffff] mapped at [ffff88000009fff0]
[    0.000000] Scanning 1 areas for low memory corruption
[    0.000000] RAMDISK: [mem 0x361f2000-0x370f0fff]
[    0.000000] ACPI: Early table checksum verification disabled
[    0.000000] ACPI: RSDP 0x00000000000E0000 000024 (v02 VBOX  )
[    0.000000] ACPI: XSDT 0x000000003FFF0030 00003C (v01 VBOX   VBOXXSDT 00000001 ASL  00000061)
[    0.000000] ACPI: FACP 0x000000003FFF00F0 0000F4 (v04 VBOX   VBOXFACP 00000001 ASL  00000061)
[    0.000000] ACPI: DSDT 0x000000003FFF0470 0021FF (v02 VBOX   VBOXBIOS 00000002 INTL 20100528)
[    0.000000] ACPI: FACS 0x000000003FFF0200 000040
[    0.000000] ACPI: FACS 0x000000003FFF0200 000040
[    0.000000] ACPI: APIC 0x000000003FFF0240 00005C (v02 VBOX   VBOXAPIC 00000001 ASL  00000061)
[    0.000000] ACPI: SSDT 0x000000003FFF02A0 0001CC (v01 VBOX   VBOXCPUT 00000002 INTL 20100528)
[    0.000000] No NUMA configuration found
[    0.000000] Faking a node at [mem 0x0000000000000000-0x000000003ffeffff]
[    0.000000] NODE_DATA(0) allocated [mem 0x3ffeb000-0x3ffeffff]
[    0.000000] kvm-clock: Using msrs 4b564d01 and 4b564d00
[    0.000000] kvm-clock: cpu 0, msr 0:3ffe3001, primry cpu clock
[    0.000000] kvm-clock: using sched offset of 4943278061 cycles
[    0.000000] clocksource: kvm-clock: mask: 0xffffffffffffffff max_cycles: 0x1cd42e4dffb, max_idle_ns: 881590591483 ns
[    0.000000] Zone ranges:
[    0.000000]   DMA      [mem 0x0000000000001000-0x0000000000ffffff]
[    0.000000]   DMA32    [mem 0x000000001000000-0x000000003ffefffff]
[    0.000000]   Normal   empty
[    0.000000]   Device   empty
[    0.000000] Movable zone start for each node
[    0.000000] Early memory node ranges
[    0.000000]   node   0: [mem 0x0000000000001000-0x000000000009efff]
[    0.000000]   node   0: [mem 0x0000000000100000-0x000000003ffeffff]
[    0.000000] Initmem setup node 0 [mem 0x0000000000001000-0x000000003ffeffff]
[    0.000000] ACPI: PM-Timer IO Port: 0x4008
[    0.000000] IOAPIC[0]: apic_id 2, version 32, address 0xfec00000, GSI 0-23
[    0.000000] ACPI: INT_SRC_OVR (bus 0 bus_irq 0 global_irq 2 dfl dfl)
[    0.000000] ACPI: INT_SRC_OVR (bus 0 bus_irq 9 global_irq 9 low level)
[    0.000000] Using ACPI (MADT) for SMP configuration information
[    0.000000] smpboot: Allowing 2 CPUs, 0 hotplug CPUs
[    0.000000] PM: Registerenosave memory: [mem 0x000000000-0x00000fff]
[    0.000000] PM: Registered nosave memory: [mem 0x0009f000-0x0009ffff]
[  0.000000] PM: Registered nosave memory: [mem 0x000a0000-0x000effff]
[    0.000000] PM: Registered nosave memory: [mem 0x000f000-0x000fffff]
[    0.00000] e820: [mem 0x40000000-0xfebfffff] available for PCI devices
[    0.000000] Booting paravirtualized kernel on KVM
    0.000000] clocksource: refined-jifies: mask: 0xffffffff max_cycles: 0xffffffff, max_ile_ns: 7645519600211568 ns
[    0.000000] setup_percpu: NR_CPUS:512 nr_cpumask_bits:512 nr_cpu_ids:2 nr_node_ids:1
[    0.000000] PERCPU: Embedded 34 pages/cpu @ffff88003fc00000 s99544 r8192 d31528 u1048576
[    0.000000] PV qspinlock hash table entries: 256 (order: 0, 4096 bytes)
[    0.000000] Built 1 zonelists in Node order, mobility grouping on.  Total pages: 257912
[    0.000000] Policy zone: DMA32
[    0.000000] Kernel command line: BOOT_IMAGE=/boot/vmlinuz-4.4.0-134-generic root=UUID=94cf6dec-b559-40f4-9677-8490a116614b ro console=tty1 console=ttyS0
[    0.000000] PID hash table entries: 4096 (order: 3, 32768 bytes)
[    0.000000] Memory: 997160K/1048120K available (8554K kernel code, 1314K rwdata, 4004K rodata, 1516K init, 1316K bss, 50960K reserved, 0K cma-reserved)
[    0.000000] SLUB: HWalign=64, Order=0-3, MinObjects=0, CPUs=2, Nodes=1
[    0.000000] Kernel/User page tables isolation: enabled
[    0.000000] Hierarchical RCU implemenntation.
[    0.000000] 	Build-time adjustment of leaf fanout to 64.
[    0.000000] 	RCU restricting CPUs from NR_CPUS=512 to nr_cpu_ids=2.
[    0.000000] RCU: Adjusting geometry for rcu_fanout_leaf=64, nr_cpu_ids=2
[    0.000000] NR_IRQS:33024 nr_irqs:440 16
[    0.000000] Console: colour VGA+ 80x25
[    0.000000] console [tty1] enabled
[    0.000000] console [ttyS0] enabled
[    0.000000] tsc: Detected 2526.998 MHz processor
[    0.682555] Calibrating delay loop (skipped) preset value.. 5053.99 BogoMIPS (lpj=10107992)
[    0.685983] pid_max: default 32768 minimum: 301
[    0.705750] ACPI: Core revision 20150930
[    0.708404] ACPI: 2 ACPI AML tables successfully acquired and loaded
[    0.710698] Security Framework initialized
[    0.711804] Yama: becoming mindful.
[    0.713051] AppArmor: AppArmor initialized
[    0.714441] Dentry cache hash table entries: 131072 (order: 8, 1048576 bytes)
[    0.717894] Inode-cache hash table entries: 65536 (order: 7, 524288 bytes)
[    0.720056] Mount-cache hash table entries: 2048 (order: 2, 16384 bytes)
[    0.721965] Mountpoint-cachhe hash table entries: 2048 (order: 2, 16384 bytes)
[    0.724798] Initializing cgroup subsys io
[    0.726329] Initializing cgroup subsys memory
[    0.728050] Initializing cgroup subsys devices
[    0.730092] Initializing cgroup subsys freezer
[    0.731904] Initializing cgroup subsys net_cls
[    0.740195] Initializing cgroup subsys perf_event
[    0.741938] Initializing cgroup subsys net_prio
[    0.743956] Initializing cgroup subsys hugetlb
[    0.745605] Initializing cgroup subsys pids
[    0.748686] mce: CPU supports 0 MCE banks
[    0.750464] Last level iTLB entries: 4KB 512, 2MB 7, 4MB 7
[    0.752288] Last level dTLB entries: 4KB 512, 2MB 32, 4MB 32, 1GB 0
[    0.754514] Spectre V2 : Mitigation: Full generic retpoline
[    0.756395] Spectre V2 : Speculation control IBPB not-supported IBRS not-supported
[    0.758938] Speculative Store Bypass: Vulnerable
[    0.764652] Freeing SMP alternatives memory: 32K
[    0.778013] ftrace: allocating 32266 entries in 127 pages
[    0.867249] smpboot: APIC(0) Converting physical 0 to logical package 0
[    0.870046] smpboot: Max logical packages: 1
[    0.871974] x2apic enabled
[    0.873385] Switched APIC routing to physical x2apic.
[    0.876944] ..TIMER: vector=0x30 apic1=0 pin1=2 apic2=-1 pin2=-1
[    0.994136] smpboot: CPU0: Intel(R) Core(TM) i3 CPU       M 380  @ 2.53GHz (family: 0x6, model: 0x25, stepping: 0x5)
[    0.998731] Performance Events: unsupported p6 CPU model 37 no PMU driver, software events only.
[    1.003082] KVM setup paravirtual spinlock
[    1.028471] x86: Booting SMP configuration:
[    1.032495] .... node  #0, CPUs:      #1
[    1.034488] kvm-clock: cpu 1, msr 0:3ffe3041, secondary cpu clock
[    1.036405] mce: CPU supports 0 MCE banks
[    1.040234] x86: Booted up 1 node, 2 CPUs
[    1.042394] smpboot: Total of 2 processors activated (10107.99 BogoMIPS)
[    1.051935] devtmpfs: initialized
[    1.056983] evm: security.selinux
[    1.058704] evm: security.SMACK64
[    1.060453] evm: security.SMACK64EXEC
[    1.062346] evm: security.SMACK64TRANSMUTE
[    1.064396] evm: security.SMACK64MMAP
[    1.069105] evm: security.ima
[    1.070955] evm: security.capability
[    1.075136] clocksource: jiffies: mask: 0xffffffff max_cycles: 0xffffffff, max_idle_ns: 7645041785100000 ns
[    1.078726] futex hash table entries: 512 (order: 3, 32768 bytes)
[    1.081315] pinctrl core: initialized pinctrl subsystem
[    1.083917] RTC time: 15:54:35, date: 08/31/18
[    1.086394] NET: Registered protocol family 16
[    1.100437] cpuidle: using governor ladder
[    1.120918] cpuidle: using governor menu
[    1.122820] PCCT header not found.
[    1.124698] ACPI: bus type PCI registered
[    1.126468] acpiphp: ACPI Hot Plug PCI Controller Driver version: 0.5
[    1.129694] PCI: Using configuration type 1 for base access
[    1.144468] ACPI: Added _OSI(Module Device)
[    1.148144] ACPI: Added _OSI(Processor Device)
[    1.151594] ACPI: Added _OSI(3.0 _SCP Extensions)
[    1.155398] ACPI: Added _OSI(Processor Aggregator Device)
[    1.162177] ACPI: Executed 1 blocks of module-level executable AML code
[    1.178133] ACPI: Interpreter enabled
[    1.181821] ACPI: (supports S0 S5)
[    1.183374] ACPI: Using IOAPIC for interrupt routing
[    1.185884] PCI: Using host bridge windows from ACPI; if necessary, use "pci=nocrs" and report a bug
[    1.204857] ACPI: PCI Root Bridge [PCI0] (domain 0000 [bus 00-ff])
[    1.207813] acpi PNP0A03:00: _OSC: OS supports [ASPM ClockPM Segments MSI]
[    1.210382] acpi PNP0A03:00: _OSC: not requesting OS control; OS requires [ExtendedConfig ASPM ClockPM MSI]
[    1.214253] acpi PNP0A03:00: fail to add MMCONFIG information, can't access extended PCI configuration space under this bridge.
[    1.219249] PCI host bridge to bus 0000:00
[    1.223298] pci_bus 0000:00: root bus resource [io  0x0000-0x0cf7 window]
[    1.227750] pci_bus 0000:00: root bus resource [io  0x0d00-0xffff window]
[    1.239957] pci_bus 0000:00: root bus resource [mem 0x000a0000-0x000bffff window]
[    1.270419] pci_bus 0000:00: root bus resource [mem 0x40000000-0xfdffffff window]
[    1.280370] pci_bus 0000:00: root bus resource [bus 00-ff]
[    1.285837] pci 0000:00:01.1: legacy IDE quirk: reg 0x10: [io  0x01f0-0x01f7]
[    1.289153] pci 0000:00:01.1: legacy IDE quirk: reg 0x14: [io  0x03f6]
[    1.292878] pci 0000:00:01.1: legacy IDE quirk: reg 0x18: [io  0x0170-0x0177]
[    1.295368] pci 0000:00:01.1: legacy IDE quirk: reg 0x1c: [io  0x0376]
[    1.337602] pci 0000:00:07.0: quirk: [io  0x4000-0x403f] claimed by PIIX4 ACPI
[    1.340365] pci 0000:00:07.0: quirk: [io  0x4100-0x410f] claimed by PIIX4 SMB
[    1.355642] ACPI: PCI Interrupt Link [LNKA] (IRQs 5 9 10 *11)
[    1.366240] ACPI: PCI Interrupt Link [LNKB] (IRQs 5 9 *10 11)
[    1.368415] ACPI: PCI Interrupt Link [LNKC] (IRQs 5 *9 10 11)
[    1.370699] ACPI: PCI Interrupt Link [LNKD] (IRQs 5 9 10 *11)
[    1.372900] ACPI: Enabled 2 GPEs in block 00 to 07
[    1.387559] vgaarb: setting as boot device: PCI:0000:00:02.0
[    1.389035] vgaarb: device added: PCI:0000:00:02.0,decodes=io+mem,owns=io+mem,locks=none
[    1.391343] vgaarb: loaded
[    1.392424] vgaarb: bridge control possible 0000:00:02.0
[    1.394494] SCSI subsystem initialized
[    1.396261] ACPI: bus type USB registered
[    1.397492] usbcore: registered new interface driver usbfs
[    1.398893] usbcore: registered new interface driver hub
[    1.400335] usbcore: registered new device driver usb
[    1.402098] PCI: Using ACPI for IRQ routing
[    1.403621] NetLabel: Initializing
[    1.404593] NetLabel:  domain hash size = 128
[    1.405757] NetLabel:  protocols = UNLABELED CIPSOv4
[    1.408525] NetLabel:  unlabeled traffic allowed by default
[    1.410693] amd_nb: Cannot enumerate AMD northbridges
[    1.412663] clocksource: Switched to clocksource kvm-clock
[    1.425965] AppArmor: AppArmor Filesystem Enabled
[    1.427807] pnp: PnP ACPI init
[    1.431567] pnp: PnP ACPI: found 3 devices
[    1.445413] clocksource: acpi_pm: mask: 0xffffff max_cycles: 0xffffff, max_idle_ns: 2085701024 ns
[    1.448920] NET: Registered protocol family 2
[    1.450893] TCP established hash table entries: 8192 (order: 4, 65536 bytes)
[    1.453484] TCP bind hash table entries: 8192 (order: 5, 131072 bytes)
[    1.455966] TCP: Hash tables configured (estalished 8192 bind 8192)
[    1.491761] UDP hash table entries: 512 (order: 2, 16384 bytes)
[    1.493858] UDP-Lite hash table entries: 512 (order: 2, 16384 bytes)
[    1.496027] NET: Registered protocol family 1
[    1.497700] pci 0000:00:00.0: Liiting direct PCI/PCI transfers
[    1.530225] pci 0000:00:01.0: Activating ISA DMA hang workarounds
[    1.531892] Unpacking initramfs...

[    1.969554] Freeing initrd memory: 15356K
[    1.978009] platform rtc_cmos: registered platform RTC device (no PNP device found)
[    1.981695] Scanning for low memory corruption every 60 seconds
[    1.985070] audit: initializing netlink subsys (disabled)
[    1.987329] audit: type=2000 audit(1535730881.617:1): initialized
[    1.995487] Initialise system trusted keyring
[    1.997810] HugeTLB registered 2 MB page size, pre-allocated 0 pages
[    2.003090] zbud: loaded
[    2.005391] VFS: Disk quotas dquot_6.6.0
[    2.007209] VFS: Dquot-cache hash table entries: 512 (order 0, 4096 bytes)
[    2.010542] squashfs: version 4.0 (2009/01/31) Phillip Lougher
[    2.013736] fuse init (API version 7.23)
[    2.016070] Key type big_key registered
[    2.017957] Allocating IMA MOK and blacklist keyrings.
[    2.022551] Key type asymmetric registered
[    2.030550] Asymmetric key parser 'x509' registered
[    2.032494] Block layer SCSI generic (bsg) driver version 0.4 loaded (major 249)
[    2.044199] io scheduler noop registered
[    2.046769] io scheduler deadline registered (default)
[    2.050662] io scheduler cfq registered
[    2.054069] pci_hotplug: PCI Hot Plug PCI Core version: 0.5
[    2.056786] pciehp: PCI Express Hot Plug Controller Driver version: 0.4
[    2.060643] ACPI: AC Adapter [AC] (on-line)
[    2.078455] input: Power Button as /devices/LNXSYSTM:00/LNXPWRBN:00/input/input0
[    2.082662] ACPI: Power Button [PWRF]
[    2.084552] input: Sleep Button as /devices/LNXSYSTM:00/LNXSLPBN:00/input/input1
[    2.087480] ACPI: Sleep Button [SLPF]
[    2.089471] GHES: HEST is not enabled!
[    2.090849] ACPI: Battery Slot [BAT0] (battery present)
[    2.093859] Serial: 8250/16550 driver, 32 ports, IRQ sharing enabled
[    2.120449] 00:02: ttyS0 at I/O 0x3f8 (irq = 4, base_baud = 115200) is a 16550A
[    2.130004] Linux agpgart interface v0.103
[    2.137833] loop: module loaded
[    2.141249] scsi host0: ata_piix
[    2.143455] scsi host1: ata_piix
[    2.145176] ata1: PATA max UDMA/33 cmd 0x1f0 ctl 0x3f6 bmdma 0xd000 irq 14
[    2.149188] ata2: PATA max UDMA/33 cmd 0x170 ctl 0x376 bmdma 0xd008 irq 15
[    2.151879] libphy: Fixed MDIO Bus: probed
[    2.154070] tun: Universal TUN/TAP device driver, 1.6
[    2.156325] tun: (C) 1999-2004 Max Krasnyansky <maxk@qualcomm.com>
[    2.159085] PPP generic driver version 2.4.2
[    2.161133] ehci_hcd: USB 2.0 'Enhanced' Host Controller (EHCI) Driver
[    2.163474] ehci-pci: EHCI PCI platform driver
[    2.165259] ehci-platform: EHCI generic platform driver
[    2.167318] ohci_hcd: USB 1.1 'Open' Host Controller (OHCI) Driver
[    2.175007] ohci-pci: OHCI PCI platform driver
[    2.176760] ohci-platform: OHCI generic platform driver
[    2.179132] uhci_hcd: USB Universal Host Controller Interface driver
[    2.181643] i8042: PNP: PS/2 Controller [PNP0303:PS2K,PNP0f03:PS2M] at 0x60,0x64 irq 1,12
[    2.185771] serio: i8042 KBD port at 0x60,0x64 irq 1
[    2.187965] serio: i8042 AUX port at 0x60,0x64 irq 12
[    2.191475] mousedev: PS/2 mouse device common for all mice
[    2.194597] input: AT Translated Set 2 keyboard as /devices/platform/i8042/serio0/input/input2
[    2.198314] rtc_cmos rtc_cmos: rtc core: registered rtc_cmos as rtc0
[    2.201875] rtc_cmos rtc_cmos: alarms up to one day, 114 bytes nvram
[    2.204901] i2c /dev entries driver
[    2.207671] device-mapper: uevent: version 1.0.3
[    2.211095] device-mapper: ioctl: 4.34.0-ioctl (2015-10-28) initialised: dm-devel@redhat.com
[    2.214875] ledtrig-cpu: registered to indicate activity on CPUs
[    2.217981] NET: Registered protocol family 10
[    2.220900] NET: Registered protocol family 17
[    2.222787] Key type dns_resolver registered
[    2.225465] registered taskstats version 1
[    2.227267] Loading compiled-in X.509 certificates
[    2.233003] Loaded X.509 cert 'Build time autogenerated kernel key: 4eb3d024ac16f76c1747ffd474694c84db21038b'
[    2.238170] zswap: loaded using pool lzo/zbud
[    2.245725] Key type trusted registered
[    2.257443] Key type encrypted registered
[    2.259670] AppArmor: AppArmor sha1 policy hashing enabled
[    2.268345] ima: No TPM chip found, activating TPM-bypass!
[    2.270914] ima: Allocated hash algorithm: sha1
[    2.272887] evm: HMAC attrs: 0x1
[    2.274950]   Magic number: 14:823:943
[    2.276770] tty tty0: hash matches
[    2.278063] tty console: hash matches
[    2.280044] rtc_cmos rtc_cmos: setting system clock to 2018-08-31 15:54:36 UTC (1535730876)
[    2.283721] BIOS EDD facility v0.16 2004-Jun-25, 0 devices found
[    2.286150] EDD information not available.
[    2.311338] Freeing unused kernel memory: 1516K
[    2.313546] Write protecting the kernel read-only data: 14336k
[    2.318221] Freeing unused kernel memory: 1672K
[    2.321541] Freeing unused kernel memory: 92K
Loading, please wait...
starting version 229
[    2.355416] random: systemd-udevd: uninitialized urandom read (16 bytes read, 2 bits of entropy available)
[    2.356552] random: udevadm: uninitialized urandom read (16 bytes read, 2 bits of entropy available)
[    2.356614] random: udevadm: uninitialized urandom read (16 bytes read, 2 bits of entropy available)
[    2.383278] random: udevadm: uninitialized urandom read (16 bytes read, 2 bits of entropy available)
[    2.383382] random: udevadm: uninitialized urandom read (16 bytes read, 2 bits of entropy available)
[    2.383733] random: udevadm: uninitialized urandom read (16 bytes read, 2 bits of entropy available)
[    2.383871] random: udevadm: uninitialized urandom read (16 bytes read, 2 bits of entropy available)
[    2.384046] random: udevadm: uninitialized urandom read (16 bytes read, 2 bits of entropy available)
[    2.384184] random: udevadm: uninitialized urandom read (16 bytes read, 2 bits of entropy available)
[    2.384322] random: udevadm: uninitialized urandom read (16 bytes read, 2 bits of entropy available)
[    2.544416] e1000: Intel(R) PRO/1000 Network Driver - version 7.3.21-k8-NAPI
[    2.565956] e1000: Copyright (c) 1999-2006 Intel Corporation.
[    2.593669] Fusion MPT base driver 3.04.20
[    2.595554] Copyright (c) 1999-2008 LSI Corporation
[    2.614666] Fusion MPT SPI Host driver 3.04.20
[    2.858784] input: ImExPS/2 Generic Explorer Mouse as /devices/platform/i8042/serio1/input/input4
[    2.980319] tsc: Refined TSC clocksource calibration: 2526.147 MHz
[    2.982993] clocksource: tsc: mask: 0xffffffffffffffff max_cycles: 0x2469b60743e, max_idle_ns: 440795302901 ns
[    3.198480] e1000 0000:00:03.0 eth0: (PCI:33MHz:32-bit) 02:e4:ac:f5:39:a9
[    3.201529] e1000 0000:00:03.0 eth0: Intel(R) PRO/1000 Network Connection
[    3.205052] mptbase: ioc0: Initiating bringup
[    3.208415] e1000 0000:00:03.0 enp0s3: renamed from eth0
[    3.273603] ioc0: LSI53C1030 A0: Capabilities={Initiator}
[    3.435914] scsi host2: ioc0: LSI53C1030 A0, FwRev=00000000h, Ports=1, MaxQ=256, IRQ=20
[    3.573555] scsi 2:0:0:0: Direct-Access     VBOX     HARDDISK         1.0  PQ: 0 ANSI: 5
[    3.577168] scsi target2:0:0: Beginning Domain Validation
[    3.582167] scsi target2:0:0: Domain Validation skipping write tests
[    3.584764] scsi target2:0:0: Ending Domain Validation
[    3.605940] scsi target2:0:0: asynchronous
[    3.608354] scsi 2:0:1:0: Direct-Access     VBOX     HARDDISK         1.0  PQ: 0 ANSI: 5
[    3.618365] scsi target2:0:1: Beginning Domain Validation
[    3.623040] scsi target2:0:1: Domain Validation skipping write tests
[    3.625197] scsi target2:0:1: Ending Domain Validation
[    3.627509] scsi target2:0:1: asynchronous
[    3.656345] sd 2:0:0:0: Attached scsi generic sg0 type 0
[    3.658528] sd 2:0:0:0: [sda] 20971520 512-byte logical blocks: (10.7 GB/10.0 GiB)
[    3.662060] sd 2:0:1:0: Attached scsi generic sg1 type 0
[    3.662704] sd 2:0:0:0: [sda] Write Protect is off
[    3.662908] sd 2:0:0:0: [sda] Incomplete mode parameter data
[    3.662911] sd 2:0:0:0: [sda] Assuming drive cache: write through
[    3.677750] sd 2:0:1:0: [sdb] 20480 512-byte logical blocks: (10.5 MB/10.0 MiB)
[    3.678167] sd 2:0:1:0: [sdb] Write Protect is off
[    3.678457] sd 2:0:1:0: [sdb] Incomplete mode parameter data
[    3.678460] sd 2:0:1:0: [sdb] Assuming drive cache: write through
[    3.683368]  sda: sda1
[    3.685571] sd 2:0:1:0: [sdb] Attached SCSI disk
[    3.686156] sd 2:0:0:0: [sda] Attached SCSI disk
Begin: Loading essential drivers ... [    5.318157] md: linear personality registered for level -1
[    5.330271] md: multipath personality registered for level -4
[    5.336635] md: raid0 personality registered for level 0
[    5.351105] md: raid1 personality registered for level 1
[    5.429987] raid6: sse2x1   gen()  3765 MB/s
[    5.497316] raid6: sse2x1   xor()  4477 MB/s
[    5.564699] raid6: sse2x2   gen()  5934 MB/s
[    5.634030] raid6: sse2x2   xor()  3955 MB/s
[    5.701333] raid6: sse2x4   gen()  4937 MB/s
[    5.772931] raid6: sse2x4   xor()  3634 MB/s
[    5.774168] raid6: using algorithm sse2x2 gen() 5934 MB/s
[    5.775587] raid6: .... xor() 3955 MB/s, rmw enabled
[    5.776866] raid6: using ssse3x2 recovery algorithm
[    5.780288] xor: measuring software checksum speed
[    5.820837]    prefetch64-sse: 11601.000 MB/sec
[    5.860860]    generic_sse:  8597.000 MB/sec
[    5.862834] xor: using function: prefetch64-sse (11601.000 MB/sec)
[    5.874368] async_tx: api initialized (async)
[    5.890721] md: raid6 personality registered for level 6
[    5.900154] md: raid5 personality registered for level 5
[    5.902194] md: raid4 personality registered for level 4
[    5.913581] md: raid10 personality registered for level 10
done.
Begin: Running /scripts/init-premount ... done.
Begin: Mounting root file system ... Begin: Running /scripts/local-top ... done.
Begin: Running /scripts/local-premount ... [    5.975607] Btrfs loaded
Scanning for Btrfs filesystems
done.
Warning: fsck not present, so sk[    6.031520] EXT4-fs (sda1): INFO: recovery required on readonly filesystem
ipping root file system
[    6.039201] EXT4-fs (sda1): write access will be enabled during recovery
[    6.300613] EXT4-fs (sda1): recovery complete
[    6.303699] EXT4-fs (sda1): mounted filesystem with ordered data mode. Opts: (null)
done.
Begin: Running /scripts/local-bottom ... done.
Begin: Running /scripts/init-bottom ... done.
[    6.573875] systemd[1]: systemd 229 running in system mode. (+PAM +AUDIT +SELINUX +IMA +APPARMOR +SMACK +SYSVINIT +UTMP +LIBCRYPTSETUP +GCRYPT +GNUTLS +ACL +XZ -LZ4 +SECCOMP +BLKID +ELFUTILS +KMOD -IDN)
[    6.593544] systemd[1]: Detected virtualization oracle.
[    6.594919] systemd[1]: Detected architecture x86-64.

Welcome to [1mUbuntu 16.04.4 LTS[0m!

[    6.636202] systemd[1]: Set hostname to <nodejs>.
[    6.957348] systemd[1]: Listening on Journal Socket.
[[0;32m  OK  [0m] Listening on Journal Socket.
[    6.961699] systemd[1]: Started Forward Password Requests to Wall Directory Watch.
[[0;32m  OK  [0m] Started Forward Password Requests to Wall Directory Watch.
[    6.967782] systemd[1]: Created slice User and Session Slice.
[[0;32m  OK  [0m] Created slice User and Session Slice.
[    7.005991] systemd[1]: Listening on Journal Audit Socket.
[[0;32m  OK  [0m] Listening on Journal Audit Socket.
[    7.021157] systemd[1]: Reached target User and Group Name Lookups.
[[0;32m  OK  [0m] Reached target User and Group Name Lookups.
[    7.048408] systemd[1]: Set up automount Arbitrary Executable File Formats File System Automount Point.
[[0;32m  OK  [0m] Set up automount Arbitrary Executab...ats File System Automount Point.
[    7.078101] systemd[1]: Reached target Swap.
[[0;32m  OK  [0m] Reached target Swap.
[    7.090052] systemd[1]: Listening on Device-mapper event daemon FIFOs.
[[0;32m  OK  [0m] Listening on Device-mapper event daemon FIFOs.
[    7.114602] systemd[1]: Listening on Syslog Socket.
[[0;32m  OK  [0m] Listening on Syslog Socket.
[    7.120068] systemd[1]: Listening on LVM2 poll daemon socket.
[[0;32m  OK  [0m] Listening on LVM2 poll daemon socket.
[    7.145463] systemd[1]: Listening on LVM2 metadata daemon socket.
[[0;32m  OK  [0m] Listening on LVM2 metadata daemon socket.
[    7.151957] systemd[1]: Created slice System Slice.
[[0;32m  OK  [0m] Created slice System Slice.
[    7.170386] systemd[1]: Starting Monitoring of LVM2 mirrors, snapshots etc. using dmeventd or progress polling...
         Starting Monitoring of LVM2 mirrors... dmeventd or progress polling...
[    7.208429] systemd[1]: Mounting POSIX Message Queue File System...
         Mounting POSIX Message Queue File System...
[    7.261408] systemd[1]: Starting Remount Root and Kernel File Systems...
         Starting Remount Root and Kernel File Systems...
[    7.269213] EXT4-fs (sda1): re-mounted. Opts: (null)
[    7.276414] systemd[1]: Created slice system-serial\x2dgetty.slice.
[[0;32m  OK  [0m] Created slice system-serial\x2dgetty.slice.
[    7.282412] systemd[1]: Starting Nameserver information manager...
         Starting Nameserver information manager...
[    7.288927] systemd[1]: Starting Create list of required static device nodes for the current kernel...
         Starting Create list of required st... nodes for the current kernel...
[    7.303981] systemd[1]: Starting Set console keymap...
         Starting Set console keymap...
[    7.310324] systemd[1]: Starting Uncomplicated firewall...
         Starting Uncomplicated firewall...
[    7.331788] systemd[1]: Listening on udev Control Socket.
[[0;32m  OK  [0m] Listening on udev Control Socket.
[    7.337752] systemd[1]: Listening on /dev/initctl Compatibility Named Pipe.
[[0;32m  OK  [0m] Listening on /dev/initctl Compatibility Named Pipe.
[    7.349423] systemd[1]: Listening on udev Kernel Socket.
[[0;32m  OK  [0m] Listening on udev Kernel Socket.
[    7.352670] systemd[1]: Reached target Encrypted Volumes.
[[0;32m  OK  [0m] Reached target Encrypted Volumes.
[    7.356725] systemd[1]: Reached target Slices.
[[0;32m  OK  [0m] Reached target Slices.
[    7.361091] systemd[1]: Started Trigger resolvconf update for networkd DNS.
[[0;32m  OK  [0m] Started Trigger resolvconf update for networkd DNS.
[    7.367059] systemd[1]: Listening on Journal Socket (/dev/log).
[[0;32m  OK  [0m] Listening on Journal Socket (/dev/log).
[    7.430569] systemd[1]: Starting Journal Service...
         Starting Journal Service...
[    7.435304] systemd[1]: Mounting Huge Pages File System...
         Mounting Huge Pages File System...
[    7.442761] systemd[1]: Mounting Debug File System...
         Mounting Debug File Sys[    7.448997] random: nonblocking pool is initialized
tem...
[    7.460623] systemd[1]: Starting Load Kernel Modules...
         Starting Load Kernel Modules...
[    7.490437] systemd[1]: Reached target System Time Synchronized.
[    7.500036] Loading iSCSI transport class v2.0-870.
[[0;32m  OK  [0m] Reached targe[    7.526164] iscsi: registered transport (tcp)
t System Time Synchronized.
[    7.558438] systemd[1]: Mounted Huge Pages File System.
[[0;32m  OK  [0m] Mounted Huge Pages File System.
[    7.590215] systemd[1]: Mounted POSIX Message Queue File System.
[[0;32m  OK  [0m] Mounted POSIX Message Queue File System.
[    7.619750] systemd[1]: Mounted Debug File System.
[[0;32m  OK  [0m] Mounted Debug File System.
[    7.640235] iscsi: registered transport (iser)
[    7.640814] systemd[1]: Started Journal Service.
[[0;32m  OK  [0m] Started Journal Service.
[[0;32m  OK  [0m] Started Remount Root and Kernel File Systems.
[[0;32m  OK  [0m] Started Create list of required sta...ce nodes for the current kernel.
[[0;32m  OK  [0m] Started Set console keymap.
[[0;32m  OK  [0m] Started Uncomplicated firewall.
[[0;32m  OK  [0m] Started Load Kernel Modules.
[[0;32m  OK  [0m] Started Nameserver information manager.
[[0;32m  OK  [0m] Started LVM2 metadata daemon.
         Starting Apply Kernel Variables...
         Mounting FUSE Control File System...
         Starting Create Static Device Nodes in /dev...
         Starting udev Coldplug all Devices...
         Starting Load/Save Random Seed...
         Starting Flush Journal to Persistent Storage...
[[0;32m  OK  [0m] Mounted FUSE Control File System.
[[0;32m  OK  [0m] Started Apply Kernel Variables.
[[0;32m  OK  [0m] Started Monitoring of LVM2 mirrors,...ng dmeventd or progress polling.
[[0;32m  OK  [0m] Started Create Static Device Nodes in /dev.
[[0;32m  OK  [0m] Started Load/Save Random Seed.
[[0;32m  OK  [0m] Started udev Coldplug all Devices.
[[0;32m  OK  [0m] Started Flush Journal to Persistent Storage.
         Starting udev Kernel Device Manager...
[[0;32m  OK  [0m] Started udev Kernel Device Manager.
[[0;32m  OK  [0m] Started Dispatch Password Requests to Console Directory Watch.
[[0;32m  OK  [0m] Reached target Local File Systems (Pre).
[[0;32m  OK  [0m] Reached target Local File Systems.
         Starting Tell Plymouth To Write Out Runtime Data...
         Starting Initial cloud-init job (pre-networking)...
         Starting LSB: AppArmor initialization...
         Starting Set console font and keymap...
         Starting Create Volatile Files and Directories...
[[0;32m  OK  [0m] Started Tell Plymouth To Write Out Runtime Data.
[[0;32m  OK  [0m] Started Create Volatile Files and Directories.
         Starting Update UTMP about System Boot/Shutdown...
[[0;32m  OK  [0m] Started Update UTMP about System Boot/Shutdown.
[[0;32m  OK  [0m] Started LSB: AppArmor initialization.
[[0;32m  OK  [0m] Found device /dev/ttyS0.
[[0;32m  OK  [0m] Found device 82540EM Gigabit Ethern...r (PRO/1000 MT Desktop Adapter).
[[0;32m  OK  [0m] Listening on Load/Save RF Kill Switch Status /dev/rfkill Watch.
[[0;32m  OK  [0m] Started Set console font and keymap.
[[0;32m  OK  [0m] Created slice system-getty.slice.
[   10.603310] cloud-init[465]: Cloud-init v. 18.2 running 'init-local' at Fri, 31 Aug 2018 15:54:45 +0000. Up 9.89 seconds.
[[0;32m  OK  [0m] Started Initial cloud-init job (pre-networking).
[[0;32m  OK  [0m] Reached target Network (Pre).
[[0;32m  OK  [0m] Started ifup for enp0s3.
         Starting Raise network interfaces...
[[0;32m  OK  [0m] Started Raise network interfaces.
         Starting Initial cloud-init job (metadata service crawler)...
[[0;32m  OK  [0m] Reached target Network.
[   12.374164] cloud-init[965]: Cloud-init v. 18.2 running 'init' at Fri, 31 Aug 2018 15:54:46 +0000. Up 11.66 seconds.
[   12.401130] cloud-init[965]: ci-info: +++++++++++++++++++++++++++++++++++++Net device info++++++++++++++++++++++++++++++++++++++
[   12.405933] cloud-init[965]: ci-info: +--------+------+----------------------------+---------------+-------+-------------------+
[   12.409278] cloud-init[965]: ci-info: | Device |  Up  |          Address           |      Mask     | Scope |     Hw-Address    |
[   12.436780] cloud-init[965]: ci-info: +--------+------+----------------------------+---------------+-------+-------------------+
[   12.440423] cloud-init[965]: ci-info: | enp0s3 | True |         10.0.2.15          | 255.255.255.0 |   .   | 02:e4:ac:f5:39:a9 |
[   12.443499] cloud-init[965]: ci-info: | enp0s3 | True | fe80::e4:acff:fef5:39a9/64 |       .       |  link | 02:e4:ac:f5:39:a9 |
[   12.447650] cloud-init[965]: ci-info: |   lo   | True |         127.0.0.1          |   255.0.0.0   |   .   |         .         |
[   12.473274] cloud-init[965]: ci-info: |   lo   | True |          ::1/128           |       .       |  host |         .         |
[   12.511504] cloud-init[965]: ci-info: +--------+------+----------------------------+---------------+-------+-------------------+
[   12.511866] cloud-init[965]: ci-info: +++++++++++++++++++++++++++Route IPv4 info++++++++++++++++++++++++++++
[   12.512305] cloud-init[965]: ci-info: +-------+-------------+----------+---------------+-----------+-------+
[[0;32m  OK  [0m] Started Initial cloud-init job (metadata service crawler).
[   12.515011] cloud-init[965]: ci-info: | Route | Destination | Gateway  |    Genmask    | Interface | Flags |
[   12.810338] cloud-init[965]: ci-info: +-------+-------------+----------+---------------+-----------+-------+
[   12.828734] cloud-init[965]: ci-info: |   0   |   0.0.0.0   | 10.0.2.2 |    0.0.0.0    |   enp0s3  |   UG  |
[   12.829112] cloud-init[965]: ci-info: |   1   |   10.0.2.0  | 0.0.0.0  | 255.255.255.0 |   enp0s3  |   U   |
[   12.832847] cloud-init[965]: ci-info: +-------+-------------+----------+---------------+-----------+-------+
[[0;32m  OK  [0m] Reached target Cloud-config availability.
[[0;32m  OK  [0m] Reached target System Initialization.
[[0;32m  OK  [0m] Started Daily apt download activities.
[[0;32m  OK  [0m] Started ACPI Events Check.
[[0;32m  OK  [0m] Reached target Paths.
         Starting Socket activation for snappy daemon.
[[0;32m  OK  [0m] Started Daily Cleanup of Temporary Directories.
[[0;32m  OK  [0m] Listening on UUID daemon activation socket.
[[0;32m  OK  [0m] Listening on ACPID Listen Socket.
[[0;32m  OK  [0m] Started Daily apt upgrade and clean activities.
[[0;32m  OK  [0m] Listening on D-Bus System Message Bus Socket.
         Starting LXD - unix socket.
[[0;32m  OK  [0m] Reached target Timers.
[[0;32m  OK  [0m] Reached target Network is Online.
         Starting iSCSI initiator daemon (iscsid)...
[[0;32m  OK  [0m] Listening on Socket activation for snappy daemon.
[[0;32m  OK  [0m] Listening on LXD - unix socket.
[[0;32m  OK  [0m] Started iSCSI initiator daemon (iscsid).
         Starting Login to default iSCSI targets...
[[0;32m  OK  [0m] Reached target Sockets.
[[0;32m  OK  [0m] Reached target Basic System.
         Starting Accounts Service...
[[0;32m  OK  [0m] Started Regular background program processing daemon.
         Starting Apply the settings specified in cloud-config...
         Starting vboxadd.service...
         Starting LSB: MD monitoring daemon...
[[0;32m  OK  [0m] Started ACPI event daemon.
[[0;32m  OK  [0m] Started Unattended Upgrades Shutdown.
         Starting OpenBSD Secure Shell server...
         Starting Login Service...
[[0;32m  OK  [0m] Started D-Bus System Message Bus.
         Starting LXD - container startup/shutdown...
[[0;32m  OK  [0m] Started FUSE filesystem for LXC.
         Starting System Logging Service...
         Starting /etc/rc.local Compatibility...
[[0;32m  OK  [0m] Started Deferred execution scheduler.
         Starting LSB: Record successful boot for GRUB...
         Starting Snappy daemon...
[[0;32m  OK  [0m] Started OpenBSD Secure Shell server.
[[0;32m  OK  [0m] Started /etc/rc.local Compatibility.
[[0;32m  OK  [0m] Started System Logging Service.
[[0;32m  OK  [0m] Started Login to default iSCSI targets.
[[0;32m  OK  [0m] Started LSB: MD monitoring daemon.
[[0;32m  OK  [0m] Started LSB: Record successful boot for GRUB.
[[0;32m  OK  [0m] Started LXD - container startup/shutdown.
[[0;32m  OK  [0m] Started Login Service.
[[0;32m  OK  [0m] Started Snappy daemon.
         Starting Wait until snapd is fully seeded...
         Starting Authenticate and Authorize Users to Run Privileged Tasks...
[[0;32m  OK  [0m] Reached target Remote File Systems (Pre).
[[0;32m  OK  [0m] Reached target Remote File Systems.
         Starting Permit User Sessions...
         Starting LSB: automatic crash report generation...
         Starting LSB: Set the CPU Frequency Scaling governor to "ondemand"...
         Starting LSB: daemon to balance interrupts for SMP systems...
[[0;32m  OK  [0m] Started Permit User Sessions.
[[0;32m  OK  [0m] Started Authenticate and Authorize Users to Run Privileged Tasks.
[[0;32m  OK  [0m] Started Accounts Service.
[[0;32m  OK  [0m] Started Wait until snapd is fully seeded.
         Starting Hold until boot process finishes up...
         Starting Terminate Plymouth Boot Screen...
[[0;32m  OK  [0m] Started LSB: automatic crash report generation.
[[0;32m  OK  [0m] Started LSB: Set the CPU Frequency Scaling governor to "ondemand".
[[0;32m  OK  [0m] Started LSB: daemon to balance interrupts for SMP systems.
[[0;32m  OK  [0m] Started Hold until boot process finishes up.
[[0;32m  OK  [0m] Started Terminate Plymouth Boot Screen.
[[0;32m  OK  [0m] Started Getty on tty1.
         Starting Set console scheme...
[[0;32m  OK  [0m] Started Serial Getty on ttyS0.
[[0;32m  OK  [0m] Reached target Login Prompts.
[[0;32m  OK  [0m] Started Set console scheme.
[[0;32m  OK  [0m] Started vboxadd.service.
         Starting vboxadd-service.service...
[[0;1;31mFAILED[0m] Failed to start vboxadd-service.service.
See 'systemctl status vboxadd-service.service' for details.
[[0;32m  OK  [0m] Reached target Multi-User System.
[[0;32m  OK  [0m] Reached target Graphical Interface.
         Starting Update UTMP about System Runlevel Changes...
[[0;32m  OK  [0m] Started Update UTMP about System Runlevel Changes.
[   14.865526] cloud-init[1029]: Cloud-init v. 18.2 running 'modules:config' at Fri, 31 Aug 2018 15:54:49 +0000. Up 14.43 seconds.
[[0;32m  OK  [0m] Started Apply the settings specified in cloud-config.
         Starting Execute cloud user/final scripts...
[   16.047740] cloud-init[1252]: Cloud-init v. 18.2 running 'modules:final' at Fri, 31 Aug 2018 15:54:50 +0000. Up 15.62 seconds.
[   16.052329] cloud-init[1252]: Cloud-init v. 18.2 finished at Fri, 31 Aug 2018 15:54:51 +0000. Datasource DataSourceNoCloud [seed=/dev/sdb][dsmode=net].  Up 16.03 seconds
[[0;32m  OK  [0m] Started Execute cloud user/final scripts.
[[0;32m  OK  [0m] Reached target Cloud-init target.
         Starting Daily apt download activities...
[[0;32m  OK  [0m] Created slice User Slice of vagrant.
         Starting User Manager for UID 1000...
[[0;32m  OK  [0m] Started Session 1 of user vagrant.
[[0;32m  OK  [0m] Started User Manager for UID 1000.

Ubuntu 16.04.4 LTS nodejs ttyS0

nodejs login: [[0;32m  OK  [0m] Stopped target Graphical Interface.
         Stopping Accounts Service...
         Stopping Session 4 of user vagrant.
[[0;32m  OK  [0m] Stopped target Timers.
[[0;32m  OK  [0m] Stopped Daily apt upgrade and clean activities.
[[0;32m  OK  [0m] Stopped Daily apt download activities.
[[0;32m  OK  [0m] Stopped target System Time Synchronized.
[[0;32m  OK  [0m] Stopped target Cloud-init target.
[[0;32m  OK  [0m] Stopped Execute cloud user/final scripts.
[[0;32m  OK  [0m] Stopped Apply the settings specified in cloud-config.
[[0;32m  OK  [0m] Stopped target Cloud-config availability.
[[0;32m  OK  [0m] Stopped target Multi-User System.
         Stopping vboxadd.service...
         Stopping Regular background program processing daemon...
[[0;32m  OK  [0m] Stopped Wait until snapd is fully seeded.
         Stopping Deferred execution scheduler...
         Stopping LSB: automatic crash report generation...
         Stopping System Logging Service...
         Stopping LSB: Record successful boot for GRUB...
         Stopping LXD - container startup/shutdown...
         Stopping LSB: Set the CPU Frequency Scaling governor to "ondemand"...
         Stopping LSB: daemon to balance interrupts for SMP systems...
         Stopping Unattended Upgrades Shutdown...
         Stopping OpenBSD Secure Shell server...
         Stopping FUSE filesystem for LXC...
[[0;32m  OK  [0m] Closed Load/Save RF Kill Switch Status /dev/rfkill Watch.
         Stopping D-Bus System Message Bus...
         Stopping ACPI event daemon...
         Stopping User Manager for UID 1000...
         Stopping Authenticate and Authorize Users to Run Privileged Tasks...
[[0;32m  OK  [0m] Stopped target Login Prompts.
         Stopping Getty on tty1...
         Stopping LSB: MD monitoring daemon...
         Stopping Snappy daemon...
         Stopping S [[0;32m  OK  [0m] Stopped Accounts Service.
[[0;32m  OK  [0m] Stopped Regular background program processing daemon.
[[0;32m  OK  [0m] Stopped OpenBSD Secure Shell server.
[[0;32m  OK  [0m] Stopped System Logging Service.
[[0;32m  OK  [0m] Stopped ACPI event daemon.
[[0;32m  OK  [0m] Stopped Deferred execution scheduler.
[[0;32m  OK  [0m] Stopped Snappy daemon.
[[0;32m  OK  [0m] Stopped Authenticate and Authorize Users to Run Privileged Tasks.
[[0;32m  OK  [0m] Stopped Getty on tty1.
[[0;32m  OK  [0m] Stopped Serial Getty on ttyS0.
[[0;32m  OK  [0m] Stopped User Manager for UID 1000.
[[0;32m  OK  [0m] Stopped Session 4 of user vagrant.
[[0;32m  OK  [0m] Stopped D-Bus System Message Bus.
[[0;32m  OK  [0m] Stopped FUSE filesystem for LXC.
[[0;32m  OK  [0m] Unmounted /var/lib/lxcfs.
[[0;32m  OK  [0m] Stopped Unattended Upgrades Shutdown.
[[0;32m  OK  [0m] Stopped LXD - container startup/shutdown.
[[0;32m  OK  [0m] Stopped LSB: Record successful boot for GRUB.
[[0;32m  OK  [0m] Stopped LSB: Set the CPU Frequency Scaling governor to "ondemand".
[[0;32m  OK  [0m] Stopped LSB: daemon to balance interrupts for SMP systems.
[[0;32m  OK  [0m] Stopped LSB: MD monitoring daemon.
[[0;32m  OK  [0m] Unmounted /home/vagrant/project.
[[0;32m  OK  [0m] Stopped vboxadd.service.
[[0;32m  OK  [0m] Stopped LSB: automatic crash report generation.
[[0;32m  OK  [0m] Removed slice User Slice of vagrant.
         Stopping Login Service...
[[0;32m  OK  [0m] Removed slice system-serial\x2dgetty.slice.
         Stopping Permit User Sessions...
[[0;32m  OK  [0m] Stopped /etc/rc.local Compatibility.
[[0;32m  OK  [0m] Removed slice system-getty.slice.
[[0;32m  OK  [0m] Stopped Permit User Sessions.
[[0;32m  OK  [0m] Stopped Login Service.
[[0;32m  OK  [0m] Stopped target User and Group Name Lookups.
[[0;32m  OK  [0m] Stopped target Remote File Systems.
[[0;32m  OK  [0m] Stopped target Remote File Systems (Pre).
         Stopping Login to default iSCSI targets...
[[0;32m  OK  [0m] Stopped target Basic System.
[[0;32m  OK  [0m] Stopped target Paths.
[[0;32m  OK  [0m] Stopped Dispatch Password Requests to Console Directory Watch.
[[0;32m  OK  [0m] Stopped ACPI Events Check.
[[0;32m  OK  [0m] Stopped Forward Password Requests to Wall Directory Watch.
[[0;32m  OK  [0m] Stopped target Slices.
[[0;32m  OK  [0m] Removed slice User and Session Slice.
[[0;32m  OK  [0m] Stopped target Sockets.
[[0;32m  OK  [0m] Closed D-Bus System Message Bus Socket.
[[0;32m  OK  [0m] Closed Syslog Socket.
[[0;32m  OK  [0m] Closed ACPID Listen Socket.
[[0;32m  OK  [0m] Closed LXD - unix socket.
[[0;32m  OK  [0m] Closed Socket activation for snappy daemon.
[[0;32m  OK  [0m] Closed UUID daemon activation socket.
[[0;32m  OK  [0m] Stopped target System Initialization.
[[0;32m  OK  [0m] Stopped target Swap.
[[0;32m  OK  [0m] Stopped target Encrypted Volumes.
         Stopping Load/Save Random Seed...
[[0;32m  OK  [0m] Stopped Create Volatile Files and Directories.
[[0;32m  OK  [0m] Stopped Load/Save Random Seed.
[[0;32m  OK  [0m] Stopped Login to default iSCSI targets.
         Stopping iSCSI initiator daemon (iscsid)...
[[0;32m  OK  [0m] Stopped iSCSI initiator daemon (iscsid).
[[0;32m  OK  [0m] Stopped target Network is Online.
[[0;32m  OK  [0m] Stopped Initial cloud-init job (metadata service crawler).
[[0;32m  OK  [0m] Stopped target Network.
         Stopping Raise network interfaces...
[[0;32m  OK  [0m] Stopped Raise network interfaces.
[[0;32m  OK  [0m] Stopped Apply Kernel Variables.
[[0;32m  OK  [0m] Stopped Load Kernel Modules.
[[0;32m  OK  [0m] Stopped target Local File Systems.
         Unmounting /run/user/1000...
[[0;32m  OK  [0m] Stopped target Network (Pre).
[[0;32m  OK  [0m] Stopped Initial cloud-init job (pre-networking).
[[0;32m  OK  [0m] Unmounted /run/user/1000.
[[0;32m  OK  [0m] Reached target Unmount All Filesystems.
[[0;32m  OK  [0m] Stopped target Local File Systems (Pre).
         Stopping Monitoring of LVM2 mirrors... dmeventd or progress polling...
[[0;32m  OK  [0m] Stopped Create Static Device Nodes in /dev.
[[0;32m  OK  [0m] Stopped Remount Root and Kernel File Systems.
[[0;32m  OK  [0m] Reached target Shutdown.
[ 4701.057634] reboot: Power down
